app/components/Chat.tsx(20,33): error TS2503: Cannot find namespace 'JSX'.
app/components/Confetti.tsx(27,24): error TS2554: Expected 1 arguments, but got 0.
